2025-02-25 10:00:43,025 - INFO - Logging initialized. Log file path: c:\Users\Priyanshu\Documents\Address_Book_Problem\Address_Book_System\address_book.log
2025-02-25 10:00:43,026 - INFO - Address Book Application Started
2025-02-25 10:00:43,026 - INFO - Address book initialized.
2025-02-25 10:01:49,821 - INFO - Contact created: ram garg
2025-02-25 10:01:49,821 - INFO - Contact 'ram garg' added successfully!
2025-02-25 10:02:12,457 - INFO - Displayed contact: ram garg
2025-02-25 10:03:31,652 - INFO - Contact created: Priyanshu garg garg
2025-02-25 10:03:31,653 - INFO - Contact 'ram garg' updated successfully!
2025-02-25 10:03:37,293 - INFO - Exiting Address Book. Goodbye!
2025-02-25 10:06:40,440 - INFO - Logging initialized. Log file path: c:\Users\Priyanshu\Documents\Address_Book_Problem\Address_Book_System\address_book.log
2025-02-25 10:06:40,440 - INFO - Address Book Application Started
2025-02-25 10:06:40,441 - INFO - Address book initialized.
2025-02-25 10:07:39,061 - INFO - Contact created: ram garg
2025-02-25 10:07:39,062 - INFO - Contact 'ram garg' added successfully!
2025-02-25 10:07:41,664 - INFO - Displayed contact: ram garg
2025-02-25 10:07:47,330 - INFO - Exiting Address Book. Goodbye!
2025-02-25 10:26:13,699 - INFO - Address Book Application Started
2025-02-25 10:26:13,700 - INFO - Address book initialized.
2025-02-25 10:27:13,876 - INFO - Contact created: r g
2025-02-25 10:27:13,898 - INFO - Contact 'r g' added successfully!
2025-02-25 10:27:18,506 - INFO - Displayed contact: r g
2025-02-25 10:27:27,854 - INFO - Displayed contact: r g
2025-02-25 10:28:17,445 - INFO - Contact created: p g
2025-02-25 10:28:17,446 - INFO - Contact 'r g' updated successfully!
2025-02-25 10:28:21,024 - INFO - Displayed contact: p g
2025-02-25 10:28:25,393 - INFO - Exiting Address Book. Goodbye!
2025-02-25 10:51:08,656 - INFO - Address Book Application Started
2025-02-25 10:51:08,657 - INFO - Address book initialized.
2025-02-25 10:51:59,472 - INFO - Contact created: r g
2025-02-25 10:51:59,473 - INFO - Contact 'r g' added successfully!
2025-02-25 10:52:58,488 - INFO - Contact created: c g
2025-02-25 10:52:58,489 - INFO - Contact 'c g' added successfully!
2025-02-25 10:53:38,493 - ERROR - Error creating contact: ZIP code must be a 6-digit number.
2025-02-25 10:53:38,494 - ERROR - Error creating contact: ZIP code must be a 6-digit number.
2025-02-25 10:53:45,170 - INFO - Displayed contact: r g
2025-02-25 10:53:45,170 - INFO - Displayed contact: c g
2025-02-25 11:20:04,767 - INFO - Address Book System - Logging started.
2025-02-25 11:20:35,768 - INFO - Address Book System - Logging started.
2025-02-25 11:21:37,450 - WARNING - Invalid menu choice: python -u "c:\Users\Priyanshu\Documents\Address_Book_Problem\Address_Book_System\address.py"
2025-02-25 11:23:18,795 - INFO - Address Book System - Logging started.
2025-02-25 11:31:51,874 - INFO - Address Book System - Logging started.
2025-02-25 11:32:05,814 - INFO - New Address Book created: important
2025-02-25 11:32:59,885 - INFO - Contact added in important: u g g
2025-02-25 11:33:38,964 - INFO - Exiting Address Book Application.
2025-02-25 11:46:25,910 - INFO - Address Book System - Logging started.
2025-02-25 11:46:25,911 - INFO - Address Book System initialized.
2025-02-25 11:48:18,665 - INFO - Address Book System - Logging started.
2025-02-25 11:48:18,666 - INFO - Address Book System initialized.
2025-02-25 11:48:33,660 - INFO - Address Book 'new' created.
2025-02-25 11:48:33,660 - INFO - Address Book 'new' created.
2025-02-25 11:49:28,655 - INFO - Contact created: d g
2025-02-25 11:49:28,656 - INFO - Contact 'd g' added to new.
2025-02-25 11:49:34,347 - INFO - Displayed Address Book: new
2025-02-25 11:56:39,343 - INFO - Address Book System - Logging started.
2025-02-25 11:56:39,344 - INFO - Address Book System initialized.
2025-02-25 11:57:03,555 - INFO - Address Book 'new' created.
2025-02-25 11:57:03,556 - INFO - Address Book 'new' created.
2025-02-25 11:57:48,449 - INFO - Contact created: Priyanshu garg
2025-02-25 11:57:48,449 - INFO - Contact 'Priyanshu garg' added to new.
2025-02-26 19:13:41,484 - INFO - Address Book System - Logging started.
2025-02-26 19:13:41,485 - INFO - Address Book System initialized.
2025-02-26 19:14:10,815 - INFO - Address Book 'new1' created.
2025-02-26 19:14:10,816 - INFO - Address Book 'new1' created.
2025-02-26 19:15:19,651 - INFO - Contact created: shiva
2025-02-26 19:15:19,652 - INFO - Contact 'shiva' added to new1.
2025-02-26 19:32:25,964 - INFO - Address Book System - Logging started.
2025-02-26 19:32:25,964 - INFO - Address Book System initialized.
2025-02-26 19:32:47,125 - INFO - Address Book 'system' created.
2025-02-26 19:32:47,126 - INFO - Address Book 'system' created.
2025-02-26 19:34:08,585 - INFO - Contact created: sam garg
2025-02-26 19:34:08,585 - INFO - Contact 'sam garg' added to system.
2025-02-26 20:16:09,269 - INFO - Address Book System - Logging started.
2025-02-26 20:16:09,270 - INFO - Address Book System initialized.
2025-02-26 20:16:42,792 - INFO - Address Book 'new3' created.
2025-02-26 20:16:42,793 - INFO - Address Book 'new3' created.
2025-02-26 20:18:00,246 - INFO - Contact created: harry sharma
2025-02-26 20:18:00,246 - INFO - Contact 'harry sharma' added to new3.
2025-02-26 20:20:25,337 - INFO - Contact created: jiya sharma
2025-02-26 20:20:25,337 - INFO - Contact 'jiya sharma' added to new3.
2025-02-27 10:18:59,238 - INFO - Address Book System - Logging started.
2025-02-27 10:18:59,238 - INFO - Address Book System initialized.
2025-02-27 10:19:39,023 - INFO - Address Book 'new4' created.
2025-02-27 10:19:39,024 - INFO - Address Book 'new4' created.
2025-02-27 10:22:40,119 - INFO - Contact created: shahid khan
2025-02-27 10:22:40,119 - INFO - Contact 'shahid khan' added to new4.
2025-02-27 10:24:21,812 - INFO - Contact created: Mohan verma
2025-02-27 10:24:21,812 - INFO - Contact 'Mohan verma' added to new4.
2025-02-27 10:25:01,838 - INFO - Displayed sorted contact: Mohan verma
2025-02-27 10:25:01,838 - INFO - Displayed sorted contact: shahid khan
2025-02-27 11:02:20,376 - INFO - Address Book System - Logging started.
2025-02-27 11:02:20,377 - INFO - Address Book System initialized.
2025-02-27 11:02:41,413 - INFO - Address Book 'new5' created.
2025-02-27 11:02:41,414 - INFO - Address Book 'new5' created.
2025-02-27 11:04:00,694 - INFO - Address Book System - Logging started.
2025-02-27 11:04:00,695 - INFO - Address Book System initialized.
2025-02-27 11:04:10,200 - INFO - Address Book 'new6' created.
2025-02-27 11:04:10,200 - INFO - Address Book 'new6' created.
2025-02-27 11:05:29,428 - INFO - Contact created: Priyanshu Garg
2025-02-27 11:05:29,428 - INFO - Contact 'Priyanshu Garg' added to new6.
2025-02-27 11:06:47,829 - INFO - Contact created: Shivam Garg
2025-02-27 11:06:47,829 - INFO - Contact 'Shivam Garg' added to new6.
2025-02-27 11:07:36,298 - INFO - Displayed sorted contact: Priyanshu Garg
2025-02-27 11:07:36,299 - INFO - Displayed sorted contact: Shivam Garg
2025-02-28 07:39:35,663 - INFO - Address Book System - Logging started.
2025-02-28 07:39:35,663 - INFO - Address Book System initialized.
2025-02-28 08:05:26,136 - INFO - Address Book 'new_book' created.
2025-02-28 08:05:26,137 - INFO - Address Book 'new_book' created.
2025-02-28 08:08:07,199 - INFO - Contact created: Priyanshu Garg
2025-02-28 08:08:07,200 - INFO - Contact 'Priyanshu Garg' added to new_book.
2025-02-28 08:10:40,052 - INFO - Contact created: Arvind Girdhar
2025-02-28 08:10:40,052 - INFO - Contact 'Arvind Girdhar' added to new_book.
2025-02-28 08:15:05,479 - INFO - Address Book 'new_file' created.
2025-02-28 08:15:05,480 - INFO - Address Book 'new_file' created.
2025-02-28 08:16:29,683 - INFO - Contact created: Shivam sharma
2025-02-28 08:16:29,684 - INFO - Contact 'Shivam sharma' added to new_file.
2025-02-28 08:17:45,992 - INFO - Contact created: Priyanshu Garg
2025-02-28 08:17:45,992 - INFO - Contact 'Priyanshu Garg' added to new_file.
2025-02-28 08:19:21,984 - INFO - Address Book System - Logging started.
2025-02-28 08:19:21,985 - INFO - Address Book System initialized.
2025-02-28 08:19:35,896 - INFO - Address Book 'new_file' created.
2025-02-28 08:19:35,896 - INFO - Address Book 'new_file' created.
2025-02-28 08:21:18,588 - INFO - Contact created: sam vrma
2025-02-28 08:21:18,589 - INFO - Contact 'sam vrma' added to new_file.
2025-02-28 08:21:31,508 - INFO - Displayed Address Book: new_file
2025-02-28 08:21:58,186 - INFO - Displayed sorted contact: sam vrma
2025-02-28 09:38:20,175 - INFO - Address Book System - Logging started.
2025-02-28 09:38:20,176 - INFO - Address Book System initialized.
2025-02-28 09:38:33,822 - INFO - Address Book 'new4' created.
2025-02-28 09:38:33,822 - INFO - Address Book 'new4' created.
2025-02-28 09:39:59,041 - INFO - Contact created: Priyanshu Garg
2025-02-28 09:39:59,042 - INFO - Contact 'Priyanshu Garg' added to new4.
2025-02-28 09:40:37,760 - INFO - Saved new4 to Io_file.txt
2025-02-28 10:00:54,419 - INFO - Address Book 'new6' created.
2025-02-28 10:00:54,420 - INFO - Address Book 'new6' created.
2025-02-28 10:02:47,048 - INFO - Contact created: Priyanshu Garg
2025-02-28 10:02:47,049 - INFO - Contact 'Priyanshu Garg' added to new6.
2025-02-28 10:04:11,387 - INFO - Displayed contact: Priyanshu Garg
2025-02-28 10:05:43,368 - INFO - Saved new6 to Io_file.txt
2025-02-28 10:09:00,670 - INFO - Address Book System - Logging started.
2025-02-28 10:09:00,671 - INFO - Address Book System initialized.
2025-02-28 10:09:21,530 - INFO - Address Book 'new7' created.
2025-02-28 10:09:21,531 - INFO - Address Book 'new7' created.
2025-02-28 10:10:11,544 - INFO - Contact created: ram garg
2025-02-28 10:10:11,545 - INFO - Contact 'ram garg' added to new7.
2025-02-28 10:10:40,140 - INFO - Saved new7 to c:\Users\Priyanshu\Documents\Address_Book_Problem\Address_Book_System\file.txt
2025-02-28 10:15:55,566 - INFO - Address Book 'new8' created.
2025-02-28 10:15:55,567 - INFO - Address Book 'new8' created.
2025-02-28 10:16:54,095 - INFO - Contact created: sam verma
2025-02-28 10:16:54,095 - INFO - Contact 'sam verma' added to new8.
2025-02-28 10:17:35,624 - INFO - Saved new8 to c:\Users\Priyanshu\Documents\Address_Book_Problem\Address_Book_System\file.txt
2025-02-28 10:34:29,784 - INFO - Address Book 'new9' created.
2025-02-28 10:34:29,785 - INFO - Address Book 'new9' created.
2025-02-28 10:35:15,070 - INFO - Contact created: dev garg
2025-02-28 10:35:15,071 - INFO - Contact 'dev garg' added to new9.
2025-02-28 10:35:37,324 - INFO - Saved new9 to c:\Users\Priyanshu\Documents\Address_Book_Problem\Address_Book_System\file.txt
2025-02-28 10:36:05,810 - INFO - Contact created: dev garg
2025-02-28 10:36:05,811 - WARNING - Duplicate contact 'dev garg' not added.
2025-02-28 10:36:05,812 - INFO - Loaded new9 from c:\Users\Priyanshu\Documents\Address_Book_Problem\Address_Book_System\file.txt
